
Note: No compatibility mode selected!


Circuit: current-mirror op-amp private fixture

Warning: Model issue on line 2 :
  .model nmos nmos version=3.1 level=49 noimod=1 tnom=2.70e+01 tox=    4.1 ...
unrecognized parameter (xl) - ignored
unrecognized parameter (xw) - ignored

Warning: Model issue on line 41 :
  .model pmos pmos version=3.1 level=49 noimod=1 tnom=2.70e+01 tox=    4.1 ...
unrecognized parameter (xl) - ignored
unrecognized parameter (xw) - ignored

Doing analysis at TEMP = 27.000000 and TNOM = 27.000000

Using SPARSE 1.3 as Direct Linear Solver
Warning: Pd = 0 is less than W.
Warning: Ps = 0 is less than W.
Warning: Pd = 0 is less than W.
Warning: Ps = 0 is less than W.
Warning: Pd = 0 is less than W.
Warning: Ps = 0 is less than W.
Warning: Pd = 0 is less than W.
Warning: Ps = 0 is less than W.
Warning: Pd = 0 is less than W.
Warning: Ps = 0 is less than W.

No. of Data Rows : 1
v(vout) = 1.244395e+00
i(vdd) = -3.86507e-04
@m.xdut.m1[vds] = 4.222374e-01
@m.xdut.m1[vdsat] = 6.399178e-02
@m.xdut.m2[vds] = 4.435606e-01
@m.xdut.m2[vdsat] = 6.188688e-02
@m.xdut.m3[vds] = 7.555751e-01
@m.xdut.m3[vdsat] = 2.507693e-01
@m.xdut.m4[vds] = 7.357513e-01
@m.xdut.m4[vdsat] = 2.361825e-01
@m.xdut.m5[vds] = 5.430114e-01
@m.xdut.m5[vdsat] = 2.508757e-01
@m.xdut.m6[vds] = 1.113465e+00
@m.xdut.m6[vdsat] = 2.365500e-01
@m.xdut.m7[vds] = 6.743876e-01
@m.xdut.m7[vdsat] = 1.708864e-01
@m.xdut.m8[vds] = 1.242270e+00
@m.xdut.m8[vdsat] = 1.715944e-01
ngspice-46 done
