
Note: No compatibility mode selected!


Circuit: current-mirror op-amp private fixture

Warning: Model issue on line 2 :
  .model nmos nmos version=3.1 level=49 noimod=1 tnom=2.70e+01 tox=    4.3 ...
unrecognized parameter (xl) - ignored
unrecognized parameter (xw) - ignored

Warning: Model issue on line 41 :
  .model pmos pmos version=3.1 level=49 noimod=1 tnom=2.70e+01 tox=    4.3 ...
unrecognized parameter (xl) - ignored
unrecognized parameter (xw) - ignored

Doing analysis at TEMP = 27.000000 and TNOM = 27.000000

Using SPARSE 1.3 as Direct Linear Solver
Warning: Pd = 0 is less than W.
Warning: Ps = 0 is less than W.
Warning: Pd = 0 is less than W.
Warning: Ps = 0 is less than W.
Warning: Pd = 0 is less than W.
Warning: Ps = 0 is less than W.
Warning: Pd = 0 is less than W.
Warning: Ps = 0 is less than W.
Warning: Pd = 0 is less than W.
Warning: Ps = 0 is less than W.
Warning: Pd = 0 is less than W.
Warning: Ps = 0 is less than W.
Warning: Pd = 0 is less than W.
Warning: Ps = 0 is less than W.

No. of Data Rows : 1
v(vout) = 7.459306e-01
i(vdd) = -3.11170e-04
@m.xdut.mpb[vds] = 7.671015e-01
@m.xdut.mpb[vdsat] = 1.872650e-01
@m.xdut.mpn[vds] = 1.169380e+00
@m.xdut.mpn[vdsat] = 1.883895e-01
@m.xdut.mnb[vds] = 6.305107e-01
@m.xdut.mnb[vdsat] = 8.131383e-02
@m.xdut.mt[vds] = 1.334528e-01
@m.xdut.mt[vdsat] = 7.779873e-02
@m.xdut.m1[vds] = 7.188271e-01
@m.xdut.m1[vdsat] = 5.690102e-02
@m.xdut.m2[vds] = 6.086419e-01
@m.xdut.m2[vdsat] = 5.562069e-02
@m.xdut.m3[vds] = 9.422109e-01
@m.xdut.m3[vdsat] = 3.190849e-01
@m.xdut.m4[vds] = 1.050942e+00
@m.xdut.m4[vdsat] = 3.198379e-01
@m.xdut.mbal[vds] = 7.444092e-01
@m.xdut.mbal[vdsat] = 8.001412e-02
ngspice-46 done
