
Note: No compatibility mode selected!


Circuit: current-mirror op-amp private fixture

Warning: Model issue on line 2 :
  .model nmos nmos version=3.1 level=49 noimod=1 tnom=2.70e+01 tox=    3.9 ...
unrecognized parameter (xl) - ignored
unrecognized parameter (xw) - ignored

Warning: Model issue on line 41 :
  .model pmos pmos version=3.1 level=49 noimod=1 tnom=2.70e+01 tox=    3.9 ...
unrecognized parameter (xl) - ignored
unrecognized parameter (xw) - ignored

Doing analysis at TEMP = 27.000000 and TNOM = 27.000000

Using SPARSE 1.3 as Direct Linear Solver
Warning: Pd = 0 is less than W.
Warning: Ps = 0 is less than W.
Warning: Pd = 0 is less than W.
Warning: Ps = 0 is less than W.
Warning: Pd = 0 is less than W.
Warning: Ps = 0 is less than W.
Warning: Pd = 0 is less than W.
Warning: Ps = 0 is less than W.
Warning: Pd = 0 is less than W.
Warning: Ps = 0 is less than W.

No. of Data Rows : 1
v(vout) = 9.952702e-01
i(vdd) = -3.97227e-04
@m.xdut.m1[vds] = 6.843610e-01
@m.xdut.m1[vdsat] = 5.862369e-02
@m.xdut.m2[vds] = 6.681011e-01
@m.xdut.m2[vdsat] = 6.024636e-02
@m.xdut.m3[vds] = 6.224210e-01
@m.xdut.m3[vdsat] = 2.261768e-01
@m.xdut.m4[vds] = 6.384474e-01
@m.xdut.m4[vdsat] = 2.380697e-01
@m.xdut.m5[vds] = 1.237830e+00
@m.xdut.m5[vdsat] = 2.276296e-01
@m.xdut.m6[vds] = 8.022004e-01
@m.xdut.m6[vdsat] = 2.386727e-01
@m.xdut.m7[vds] = 5.598324e-01
@m.xdut.m7[vdsat] = 1.590382e-01
@m.xdut.m8[vds] = 9.930402e-01
@m.xdut.m8[vdsat] = 1.593302e-01
ngspice-46 done
