
Note: No compatibility mode selected!


Circuit: current-mirror op-amp private fixture

Warning: Model issue on line 2 :
  .model nmos nmos version=3.1 level=49 noimod=1 tnom=2.70e+01 tox=    3.9 ...
unrecognized parameter (xl) - ignored
unrecognized parameter (xw) - ignored

Warning: Model issue on line 41 :
  .model pmos pmos version=3.1 level=49 noimod=1 tnom=2.70e+01 tox=    3.9 ...
unrecognized parameter (xl) - ignored
unrecognized parameter (xw) - ignored

Doing analysis at TEMP = 27.000000 and TNOM = 27.000000

Using SPARSE 1.3 as Direct Linear Solver
Warning: Pd = 0 is less than W.
Warning: Ps = 0 is less than W.
Warning: Pd = 0 is less than W.
Warning: Ps = 0 is less than W.
Warning: Pd = 0 is less than W.
Warning: Ps = 0 is less than W.
Warning: Pd = 0 is less than W.
Warning: Ps = 0 is less than W.
Warning: Pd = 0 is less than W.
Warning: Ps = 0 is less than W.
Note: Starting dynamic gmin stepping
Note: Dynamic gmin stepping completed

No. of Data Rows : 1
v(vout) = 9.953048e-01
i(vdd) = -3.91049e-04
@m.xdut.m1[vds] = 7.383639e-01
@m.xdut.m1[vdsat] = 7.342794e-02
@m.xdut.m2[vds] = 7.574107e-01
@m.xdut.m2[vdsat] = 7.122221e-02
@m.xdut.m3[vds] = 5.941556e-01
@m.xdut.m3[vdsat] = 2.052274e-01
@m.xdut.m4[vds] = 5.753328e-01
@m.xdut.m4[vdsat] = 1.912185e-01
@m.xdut.mh12[vds] = 5.759297e-01
@m.xdut.mh12[vdsat] = 2.035637e-01
@m.xdut.mh21[vds] = 5.949135e-01
@m.xdut.mh21[vdsat] = 1.898933e-01
@m.xdut.m5[vds] = 8.027250e-01
@m.xdut.m5[vdsat] = 2.058826e-01
@m.xdut.m6[vds] = 1.278638e+00
@m.xdut.m6[vdsat] = 1.930063e-01
@m.xdut.m7[vds] = 5.178330e-01
@m.xdut.m7[vdsat] = 1.309996e-01
@m.xdut.m8[vds] = 9.935678e-01
@m.xdut.m8[vdsat] = 1.326086e-01
ngspice-46 done
