
Note: No compatibility mode selected!


Circuit: current-mirror op-amp private fixture

Warning: Model issue on line 2 :
  .model nmos nmos version=3.1 level=49 noimod=1 tnom=2.70e+01 tox=    3.9 ...
unrecognized parameter (xl) - ignored
unrecognized parameter (xw) - ignored

Warning: Model issue on line 41 :
  .model pmos pmos version=3.1 level=49 noimod=1 tnom=2.70e+01 tox=    3.9 ...
unrecognized parameter (xl) - ignored
unrecognized parameter (xw) - ignored

Doing analysis at TEMP = 27.000000 and TNOM = 27.000000

Using SPARSE 1.3 as Direct Linear Solver
Warning: Pd = 0 is less than W.
Warning: Ps = 0 is less than W.
Warning: Pd = 0 is less than W.
Warning: Ps = 0 is less than W.
Warning: Pd = 0 is less than W.
Warning: Ps = 0 is less than W.
Warning: Pd = 0 is less than W.
Warning: Ps = 0 is less than W.
Warning: Pd = 0 is less than W.
Warning: Ps = 0 is less than W.

No. of Data Rows : 1
v(vout) = 1.242717e+00
i(vdd) = -3.94552e-04
@m.xdut.m1[vds] = 4.602944e-01
@m.xdut.m1[vdsat] = 6.217581e-02
@m.xdut.m2[vds] = 4.864498e-01
@m.xdut.m2[vdsat] = 5.961044e-02
@m.xdut.m3[vds] = 6.327317e-01
@m.xdut.m3[vdsat] = 2.318920e-01
@m.xdut.m4[vds] = 6.085822e-01
@m.xdut.m4[vdsat] = 2.142313e-01
@m.xdut.m5[vds] = 5.442119e-01
@m.xdut.m5[vdsat] = 2.320205e-01
@m.xdut.m6[vds] = 1.221696e+00
@m.xdut.m6[vdsat] = 2.147011e-01
@m.xdut.m7[vds] = 5.658216e-01
@m.xdut.m7[vdsat] = 1.630060e-01
@m.xdut.m8[vds] = 1.240512e+00
@m.xdut.m8[vdsat] = 1.640483e-01
ngspice-46 done
