
Note: No compatibility mode selected!


Circuit: current-mirror op-amp private fixture

Warning: Model issue on line 2 :
  .model nmos nmos version=3.1 level=49 noimod=1 tnom=2.70e+01 tox=    4.3 ...
unrecognized parameter (xl) - ignored
unrecognized parameter (xw) - ignored

Warning: Model issue on line 41 :
  .model pmos pmos version=3.1 level=49 noimod=1 tnom=2.70e+01 tox=    4.3 ...
unrecognized parameter (xl) - ignored
unrecognized parameter (xw) - ignored

Doing analysis at TEMP = 27.000000 and TNOM = 27.000000

Using SPARSE 1.3 as Direct Linear Solver
Warning: Pd = 0 is less than W.
Warning: Ps = 0 is less than W.
Warning: Pd = 0 is less than W.
Warning: Ps = 0 is less than W.
Warning: Pd = 0 is less than W.
Warning: Ps = 0 is less than W.
Warning: Pd = 0 is less than W.
Warning: Ps = 0 is less than W.
Warning: Pd = 0 is less than W.
Warning: Ps = 0 is less than W.
Warning: Pd = 0 is less than W.
Warning: Ps = 0 is less than W.
Warning: Pd = 0 is less than W.
Warning: Ps = 0 is less than W.

No. of Data Rows : 1
v(vout) = 9.934681e-01
i(vdd) = -3.27052e-04
@m.xdut.mpb[vds] = 7.671015e-01
@m.xdut.mpb[vdsat] = 1.872650e-01
@m.xdut.mpn[vds] = 1.169380e+00
@m.xdut.mpn[vdsat] = 1.883895e-01
@m.xdut.mnb[vds] = 6.305107e-01
@m.xdut.mnb[vdsat] = 8.131383e-02
@m.xdut.mt[vds] = 3.297519e-01
@m.xdut.mt[vdsat] = 7.815229e-02
@m.xdut.m1[vds] = 5.057500e-01
@m.xdut.m1[vdsat] = 5.976838e-02
@m.xdut.m2[vds] = 6.596714e-01
@m.xdut.m2[vdsat] = 5.759606e-02
@m.xdut.m3[vds] = 9.586081e-01
@m.xdut.m3[vdsat] = 3.312639e-01
@m.xdut.m4[vds] = 8.032789e-01
@m.xdut.m4[vdsat] = 3.314291e-01
@m.xdut.mbal[vds] = 9.918883e-01
@m.xdut.mbal[vdsat] = 8.068882e-02
ngspice-46 done
