
Note: No compatibility mode selected!


Circuit: current-mirror op-amp private fixture

Warning: Model issue on line 2 :
  .model nmos nmos version=3.1 level=49 noimod=1 tnom=2.70e+01 tox=    3.9 ...
unrecognized parameter (xl) - ignored
unrecognized parameter (xw) - ignored

Warning: Model issue on line 41 :
  .model pmos pmos version=3.1 level=49 noimod=1 tnom=2.70e+01 tox=    3.9 ...
unrecognized parameter (xl) - ignored
unrecognized parameter (xw) - ignored

Doing analysis at TEMP = 27.000000 and TNOM = 27.000000

Using SPARSE 1.3 as Direct Linear Solver
Warning: Pd = 0 is less than W.
Warning: Ps = 0 is less than W.
Warning: Pd = 0 is less than W.
Warning: Ps = 0 is less than W.
Warning: Pd = 0 is less than W.
Warning: Ps = 0 is less than W.
Warning: Pd = 0 is less than W.
Warning: Ps = 0 is less than W.
Warning: Pd = 0 is less than W.
Warning: Ps = 0 is less than W.

No. of Data Rows : 1
v(vout) = 1.242179e+00
i(vdd) = -3.91899e-04
@m.xdut.m1[vds] = 4.871729e-01
@m.xdut.m1[vdsat] = 5.937893e-02
@m.xdut.m2[vds] = 4.600664e-01
@m.xdut.m2[vdsat] = 6.212049e-02
@m.xdut.m3[vds] = 6.169163e-01
@m.xdut.m3[vdsat] = 2.220871e-01
@m.xdut.m4[vds] = 6.436338e-01
@m.xdut.m4[vdsat] = 2.419134e-01
@m.xdut.m5[vds] = 1.241446e+00
@m.xdut.m5[vdsat] = 2.235642e-01
@m.xdut.m6[vds] = 5.553309e-01
@m.xdut.m6[vdsat] = 2.419568e-01
@m.xdut.m7[vds] = 5.562973e-01
@m.xdut.m7[vdsat] = 1.567133e-01
@m.xdut.m8[vds] = 1.239983e+00
@m.xdut.m8[vdsat] = 1.578120e-01
ngspice-46 done
