
Note: No compatibility mode selected!


Circuit: current-mirror op-amp private fixture

Warning: Model issue on line 2 :
  .model nmos nmos version=3.1 level=49 noimod=1 tnom=2.70e+01 tox=    4.1 ...
unrecognized parameter (xl) - ignored
unrecognized parameter (xw) - ignored

Warning: Model issue on line 41 :
  .model pmos pmos version=3.1 level=49 noimod=1 tnom=2.70e+01 tox=    4.1 ...
unrecognized parameter (xl) - ignored
unrecognized parameter (xw) - ignored

Doing analysis at TEMP = 27.000000 and TNOM = 27.000000

Using SPARSE 1.3 as Direct Linear Solver
Warning: Pd = 0 is less than W.
Warning: Ps = 0 is less than W.
Warning: Pd = 0 is less than W.
Warning: Ps = 0 is less than W.
Warning: Pd = 0 is less than W.
Warning: Ps = 0 is less than W.
Warning: Pd = 0 is less than W.
Warning: Ps = 0 is less than W.
Warning: Pd = 0 is less than W.
Warning: Ps = 0 is less than W.
Note: Starting dynamic gmin stepping
Note: Dynamic gmin stepping completed

No. of Data Rows : 1
v(vout) = 9.968978e-01
i(vdd) = -3.87796e-04
@m.xdut.m1[vds] = 6.392155e-01
@m.xdut.m1[vdsat] = 6.073021e-02
@m.xdut.m2[vds] = 6.278265e-01
@m.xdut.m2[vdsat] = 6.186030e-02
@m.xdut.m3[vds] = 7.510830e-01
@m.xdut.m3[vdsat] = 2.492877e-01
@m.xdut.m4[vds] = 7.623232e-01
@m.xdut.m4[vdsat] = 2.576612e-01
@m.xdut.m5[vds] = 1.130237e+00
@m.xdut.m5[vdsat] = 2.501922e-01
@m.xdut.m6[vds] = 8.006780e-01
@m.xdut.m6[vdsat] = 2.580944e-01
@m.xdut.m7[vds] = 6.675001e-01
@m.xdut.m7[vdsat] = 1.662839e-01
@m.xdut.m8[vds] = 9.947605e-01
@m.xdut.m8[vdsat] = 1.662295e-01
ngspice-46 done
