
Note: No compatibility mode selected!


Circuit: current-mirror op-amp private fixture

Warning: Model issue on line 2 :
  .model nmos nmos version=3.1 level=49 noimod=1 tnom=2.70e+01 tox=    4.3 ...
unrecognized parameter (xl) - ignored
unrecognized parameter (xw) - ignored

Warning: Model issue on line 41 :
  .model pmos pmos version=3.1 level=49 noimod=1 tnom=2.70e+01 tox=    4.3 ...
unrecognized parameter (xl) - ignored
unrecognized parameter (xw) - ignored

Doing analysis at TEMP = 27.000000 and TNOM = 27.000000

Using SPARSE 1.3 as Direct Linear Solver
Warning: Pd = 0 is less than W.
Warning: Ps = 0 is less than W.
Warning: Pd = 0 is less than W.
Warning: Ps = 0 is less than W.
Warning: Pd = 0 is less than W.
Warning: Ps = 0 is less than W.
Warning: Pd = 0 is less than W.
Warning: Ps = 0 is less than W.
Warning: Pd = 0 is less than W.
Warning: Ps = 0 is less than W.
Note: Starting dynamic gmin stepping
Note: Dynamic gmin stepping completed

No. of Data Rows : 1
v(vout) = 7.511319e-01
i(vdd) = -3.83687e-04
@m.xdut.m1[vds] = 7.835778e-01
@m.xdut.m1[vdsat] = 6.194933e-02
@m.xdut.m2[vds] = 7.879453e-01
@m.xdut.m2[vdsat] = 6.152537e-02
@m.xdut.m3[vds] = 8.885540e-01
@m.xdut.m3[vdsat] = 2.791159e-01
@m.xdut.m4[vds] = 8.842382e-01
@m.xdut.m4[vdsat] = 2.758912e-01
@m.xdut.m5[vds] = 1.016504e+00
@m.xdut.m5[vdsat] = 2.794234e-01
@m.xdut.m6[vds] = 1.046509e+00
@m.xdut.m6[vdsat] = 2.767287e-01
@m.xdut.m7[vds] = 7.812291e-01
@m.xdut.m7[vdsat] = 1.778969e-01
@m.xdut.m8[vds] = 7.490522e-01
@m.xdut.m8[vdsat] = 1.766260e-01
ngspice-46 done
