
Note: No compatibility mode selected!


Circuit: current-mirror op-amp private fixture

Warning: Model issue on line 2 :
  .model nmos nmos version=3.1 level=49 noimod=1 tnom=2.70e+01 tox=    3.9 ...
unrecognized parameter (xl) - ignored
unrecognized parameter (xw) - ignored

Warning: Model issue on line 41 :
  .model pmos pmos version=3.1 level=49 noimod=1 tnom=2.70e+01 tox=    3.9 ...
unrecognized parameter (xl) - ignored
unrecognized parameter (xw) - ignored

Doing analysis at TEMP = 27.000000 and TNOM = 27.000000

Using SPARSE 1.3 as Direct Linear Solver
Warning: Pd = 0 is less than W.
Warning: Ps = 0 is less than W.
Warning: Pd = 0 is less than W.
Warning: Ps = 0 is less than W.
Warning: Pd = 0 is less than W.
Warning: Ps = 0 is less than W.
Warning: Pd = 0 is less than W.
Warning: Ps = 0 is less than W.
Warning: Pd = 0 is less than W.
Warning: Ps = 0 is less than W.

No. of Data Rows : 1
v(vout) = 1.242839e+00
i(vdd) = -3.84130e-04
@m.xdut.m1[vds] = 5.304314e-01
@m.xdut.m1[vdsat] = 7.550696e-02
@m.xdut.m2[vds] = 5.597267e-01
@m.xdut.m2[vdsat] = 7.207170e-02
@m.xdut.m3[vds] = 5.990082e-01
@m.xdut.m3[vdsat] = 2.088399e-01
@m.xdut.m4[vds] = 5.700571e-01
@m.xdut.m4[vdsat] = 1.872961e-01
@m.xdut.mh12[vds] = 5.706108e-01
@m.xdut.mh12[vdsat] = 2.070875e-01
@m.xdut.mh21[vds] = 5.998095e-01
@m.xdut.mh21[vdsat] = 1.860639e-01
@m.xdut.m5[vds] = 5.552218e-01
@m.xdut.m5[vdsat] = 2.089230e-01
@m.xdut.m6[vds] = 1.282084e+00
@m.xdut.m6[vdsat] = 1.891050e-01
@m.xdut.m7[vds] = 5.145284e-01
@m.xdut.m7[vdsat] = 1.288295e-01
@m.xdut.m8[vds] = 1.241130e+00
@m.xdut.m8[vdsat] = 1.313032e-01
ngspice-46 done
