
Note: No compatibility mode selected!


Circuit: current-mirror op-amp private fixture

Warning: Model issue on line 2 :
  .model nmos nmos version=3.1 level=49 noimod=1 tnom=2.70e+01 tox=    4.3 ...
unrecognized parameter (xl) - ignored
unrecognized parameter (xw) - ignored

Warning: Model issue on line 41 :
  .model pmos pmos version=3.1 level=49 noimod=1 tnom=2.70e+01 tox=    4.3 ...
unrecognized parameter (xl) - ignored
unrecognized parameter (xw) - ignored

Doing analysis at TEMP = 27.000000 and TNOM = 27.000000

Using SPARSE 1.3 as Direct Linear Solver
Warning: Pd = 0 is less than W.
Warning: Ps = 0 is less than W.
Warning: Pd = 0 is less than W.
Warning: Ps = 0 is less than W.
Warning: Pd = 0 is less than W.
Warning: Ps = 0 is less than W.
Warning: Pd = 0 is less than W.
Warning: Ps = 0 is less than W.
Warning: Pd = 0 is less than W.
Warning: Ps = 0 is less than W.

No. of Data Rows : 1
v(vout) = 9.976258e-01
i(vdd) = -3.73318e-04
@m.xdut.m1[vds] = 6.652825e-01
@m.xdut.m1[vdsat] = 7.937990e-02
@m.xdut.m2[vds] = 6.760124e-01
@m.xdut.m2[vdsat] = 7.816305e-02
@m.xdut.m3[vds] = 8.364505e-01
@m.xdut.m3[vdsat] = 2.401511e-01
@m.xdut.m4[vds] = 8.258252e-01
@m.xdut.m4[vdsat] = 2.321542e-01
@m.xdut.mh12[vds] = 8.264664e-01
@m.xdut.mh12[vdsat] = 2.377854e-01
@m.xdut.mh21[vds] = 8.371671e-01
@m.xdut.mh21[vdsat] = 2.299928e-01
@m.xdut.m5[vds] = 8.005644e-01
@m.xdut.m5[vdsat] = 2.404274e-01
@m.xdut.m6[vds] = 1.065448e+00
@m.xdut.m6[vdsat] = 2.330711e-01
@m.xdut.m7[vds] = 7.312339e-01
@m.xdut.m7[vdsat] = 1.437455e-01
@m.xdut.m8[vds] = 9.960301e-01
@m.xdut.m8[vdsat] = 1.447011e-01
ngspice-46 done
