
Note: No compatibility mode selected!


Circuit: current-mirror op-amp private fixture

Warning: Model issue on line 2 :
  .model nmos nmos version=3.1 level=49 noimod=1 tnom=2.70e+01 tox=    4.1 ...
unrecognized parameter (xl) - ignored
unrecognized parameter (xw) - ignored

Warning: Model issue on line 41 :
  .model pmos pmos version=3.1 level=49 noimod=1 tnom=2.70e+01 tox=    4.1 ...
unrecognized parameter (xl) - ignored
unrecognized parameter (xw) - ignored

Doing analysis at TEMP = 27.000000 and TNOM = 27.000000

Using SPARSE 1.3 as Direct Linear Solver
Warning: Pd = 0 is less than W.
Warning: Ps = 0 is less than W.
Warning: Pd = 0 is less than W.
Warning: Ps = 0 is less than W.
Warning: Pd = 0 is less than W.
Warning: Ps = 0 is less than W.
Warning: Pd = 0 is less than W.
Warning: Ps = 0 is less than W.
Warning: Pd = 0 is less than W.
Warning: Ps = 0 is less than W.
Note: Starting dynamic gmin stepping
Note: Dynamic gmin stepping completed

No. of Data Rows : 1
v(vout) = 9.971703e-01
i(vdd) = -3.90719e-04
@m.xdut.m1[vds] = 6.293639e-01
@m.xdut.m1[vdsat] = 6.196227e-02
@m.xdut.m2[vds] = 6.400391e-01
@m.xdut.m2[vdsat] = 6.092695e-02
@m.xdut.m3[vds] = 7.507192e-01
@m.xdut.m3[vdsat] = 2.472002e-01
@m.xdut.m4[vds] = 7.407948e-01
@m.xdut.m4[vdsat] = 2.398977e-01
@m.xdut.m5[vds] = 7.900854e-01
@m.xdut.m5[vdsat] = 2.474814e-01
@m.xdut.m6[vds] = 1.109716e+00
@m.xdut.m6[vdsat] = 2.402447e-01
@m.xdut.m7[vds] = 6.777647e-01
@m.xdut.m7[vdsat] = 1.731140e-01
@m.xdut.m8[vds] = 9.950203e-01
@m.xdut.m8[vdsat] = 1.730035e-01
ngspice-46 done
