
Note: No compatibility mode selected!


Circuit: current-mirror op-amp private fixture

Warning: Model issue on line 2 :
  .model nmos nmos version=3.1 level=49 noimod=1 tnom=2.70e+01 tox=    4.1 ...
unrecognized parameter (xl) - ignored
unrecognized parameter (xw) - ignored

Warning: Model issue on line 41 :
  .model pmos pmos version=3.1 level=49 noimod=1 tnom=2.70e+01 tox=    4.1 ...
unrecognized parameter (xl) - ignored
unrecognized parameter (xw) - ignored

Doing analysis at TEMP = 27.000000 and TNOM = 27.000000

Using SPARSE 1.3 as Direct Linear Solver
Warning: Pd = 0 is less than W.
Warning: Ps = 0 is less than W.
Warning: Pd = 0 is less than W.
Warning: Ps = 0 is less than W.
Warning: Pd = 0 is less than W.
Warning: Ps = 0 is less than W.
Warning: Pd = 0 is less than W.
Warning: Ps = 0 is less than W.
Warning: Pd = 0 is less than W.
Warning: Ps = 0 is less than W.

No. of Data Rows : 1
v(vout) = 1.245726e+00
i(vdd) = -3.85843e-04
@m.xdut.m1[vds] = 3.356838e-01
@m.xdut.m1[vdsat] = 6.407517e-02
@m.xdut.m2[vds] = 3.561200e-01
@m.xdut.m2[vdsat] = 6.245491e-02
@m.xdut.m3[vds] = 8.529043e-01
@m.xdut.m3[vdsat] = 3.234427e-01
@m.xdut.m4[vds] = 8.326768e-01
@m.xdut.m4[vdsat] = 3.085984e-01
@m.xdut.m5[vds] = 5.518978e-01
@m.xdut.m5[vdsat] = 3.238554e-01
@m.xdut.m6[vds] = 1.054432e+00
@m.xdut.m6[vdsat] = 3.091267e-01
@m.xdut.m7[vds] = 7.433591e-01
@m.xdut.m7[vdsat] = 2.155893e-01
@m.xdut.m8[vds] = 1.243630e+00
@m.xdut.m8[vdsat] = 2.159763e-01
ngspice-46 done
