
Note: No compatibility mode selected!


Circuit: current-mirror op-amp private fixture

Warning: Model issue on line 2 :
  .model nmos nmos version=3.1 level=49 noimod=1 tnom=2.70e+01 tox=    4.1 ...
unrecognized parameter (xl) - ignored
unrecognized parameter (xw) - ignored

Warning: Model issue on line 41 :
  .model pmos pmos version=3.1 level=49 noimod=1 tnom=2.70e+01 tox=    4.1 ...
unrecognized parameter (xl) - ignored
unrecognized parameter (xw) - ignored

Doing analysis at TEMP = 27.000000 and TNOM = 27.000000

Using SPARSE 1.3 as Direct Linear Solver
Warning: Pd = 0 is less than W.
Warning: Ps = 0 is less than W.
Warning: Pd = 0 is less than W.
Warning: Ps = 0 is less than W.
Warning: Pd = 0 is less than W.
Warning: Ps = 0 is less than W.
Warning: Pd = 0 is less than W.
Warning: Ps = 0 is less than W.
Warning: Pd = 0 is less than W.
Warning: Ps = 0 is less than W.
Warning: Pd = 0 is less than W.
Warning: Ps = 0 is less than W.
Warning: Pd = 0 is less than W.
Warning: Ps = 0 is less than W.

No. of Data Rows : 1
v(vout) = 9.953758e-01
i(vdd) = -3.54559e-04
@m.xdut.mpb[vds] = 6.475058e-01
@m.xdut.mpb[vdsat] = 1.717941e-01
@m.xdut.mpn[vds] = 1.271156e+00
@m.xdut.mpn[vdsat] = 1.735187e-01
@m.xdut.mnb[vds] = 5.287286e-01
@m.xdut.mnb[vdsat] = 7.888898e-02
@m.xdut.mt[vds] = 4.110324e-01
@m.xdut.mt[vdsat] = 7.622339e-02
@m.xdut.m1[vds] = 5.452675e-01
@m.xdut.m1[vdsat] = 5.891381e-02
@m.xdut.m2[vds] = 5.799108e-01
@m.xdut.m2[vdsat] = 5.740598e-02
@m.xdut.m3[vds] = 8.373256e-01
@m.xdut.m3[vdsat] = 3.132477e-01
@m.xdut.m4[vds] = 8.010765e-01
@m.xdut.m4[vdsat] = 3.135374e-01
@m.xdut.mbal[vds] = 9.936750e-01
@m.xdut.mbal[vdsat] = 7.856405e-02
ngspice-46 done
