
Note: No compatibility mode selected!


Circuit: current-mirror op-amp private fixture

Warning: Model issue on line 2 :
  .model nmos nmos version=3.1 level=49 noimod=1 tnom=2.70e+01 tox=    4.3 ...
unrecognized parameter (xl) - ignored
unrecognized parameter (xw) - ignored

Warning: Model issue on line 41 :
  .model pmos pmos version=3.1 level=49 noimod=1 tnom=2.70e+01 tox=    4.3 ...
unrecognized parameter (xl) - ignored
unrecognized parameter (xw) - ignored

Doing analysis at TEMP = 27.000000 and TNOM = 27.000000

Using SPARSE 1.3 as Direct Linear Solver
Warning: Pd = 0 is less than W.
Warning: Ps = 0 is less than W.
Warning: Pd = 0 is less than W.
Warning: Ps = 0 is less than W.
Warning: Pd = 0 is less than W.
Warning: Ps = 0 is less than W.
Warning: Pd = 0 is less than W.
Warning: Ps = 0 is less than W.
Warning: Pd = 0 is less than W.
Warning: Ps = 0 is less than W.
Warning: Pd = 0 is less than W.
Warning: Ps = 0 is less than W.

No. of Data Rows : 1
v(vout) = 1.247192e+00
i(vdd) = -3.20000e-04
@m.xdut.m1[vds] = 5.087898e-01
@m.xdut.m1[vdsat] = 8.850943e-02
@m.xdut.m2[vds] = 7.567778e-01
@m.xdut.m2[vdsat] = 8.642227e-02
@m.xdut.m3[vds] = 8.004442e-01
@m.xdut.m3[vdsat] = 2.140787e-01
@m.xdut.m4[vds] = 5.495841e-01
@m.xdut.m4[vdsat] = 2.130525e-01
@m.xdut.mdum1[vds] = -1.38416e-11
@m.xdut.mdum1[vdsat] = 3.694273e-02
@m.xdut.mdum2[vds] = 0.000000e+00
@m.xdut.mdum2[vdsat] = 6.628716e-02
ngspice-46 done
