
Note: No compatibility mode selected!


Circuit: current-mirror op-amp private fixture

Warning: Model issue on line 2 :
  .model nmos nmos version=3.1 level=49 noimod=1 tnom=2.70e+01 tox=    4.1 ...
unrecognized parameter (xl) - ignored
unrecognized parameter (xw) - ignored

Warning: Model issue on line 41 :
  .model pmos pmos version=3.1 level=49 noimod=1 tnom=2.70e+01 tox=    4.1 ...
unrecognized parameter (xl) - ignored
unrecognized parameter (xw) - ignored

Doing analysis at TEMP = 27.000000 and TNOM = 27.000000

Using SPARSE 1.3 as Direct Linear Solver
Warning: Pd = 0 is less than W.
Warning: Ps = 0 is less than W.
Warning: Pd = 0 is less than W.
Warning: Ps = 0 is less than W.
Warning: Pd = 0 is less than W.
Warning: Ps = 0 is less than W.
Warning: Pd = 0 is less than W.
Warning: Ps = 0 is less than W.
Warning: Pd = 0 is less than W.
Warning: Ps = 0 is less than W.

No. of Data Rows : 1
v(vout) = 7.499271e-01
i(vdd) = -3.94536e-04
@m.xdut.m1[vds] = 8.338567e-01
@m.xdut.m1[vdsat] = 5.986852e-02
@m.xdut.m2[vds] = 8.341287e-01
@m.xdut.m2[vdsat] = 5.984258e-02
@m.xdut.m3[vds] = 7.459148e-01
@m.xdut.m3[vdsat] = 2.436664e-01
@m.xdut.m4[vds] = 7.456619e-01
@m.xdut.m4[vdsat] = 2.434803e-01
@m.xdut.m5[vds] = 1.037206e+00
@m.xdut.m5[vdsat] = 2.441528e-01
@m.xdut.m6[vds] = 1.106100e+00
@m.xdut.m6[vdsat] = 2.438082e-01
@m.xdut.m7[vds] = 6.810176e-01
@m.xdut.m7[vdsat] = 1.752549e-01
@m.xdut.m8[vds] = 7.477564e-01
@m.xdut.m8[vdsat] = 1.743428e-01
ngspice-46 done
