
Note: No compatibility mode selected!


Circuit: current-mirror op-amp private fixture

Warning: Model issue on line 2 :
  .model nmos nmos version=3.1 level=49 noimod=1 tnom=2.70e+01 tox=    4.1 ...
unrecognized parameter (xl) - ignored
unrecognized parameter (xw) - ignored

Warning: Model issue on line 41 :
  .model pmos pmos version=3.1 level=49 noimod=1 tnom=2.70e+01 tox=    4.1 ...
unrecognized parameter (xl) - ignored
unrecognized parameter (xw) - ignored

Doing analysis at TEMP = 27.000000 and TNOM = 27.000000

Using SPARSE 1.3 as Direct Linear Solver
Warning: Pd = 0 is less than W.
Warning: Ps = 0 is less than W.
Warning: Pd = 0 is less than W.
Warning: Ps = 0 is less than W.
Warning: Pd = 0 is less than W.
Warning: Ps = 0 is less than W.
Warning: Pd = 0 is less than W.
Warning: Ps = 0 is less than W.
Warning: Pd = 0 is less than W.
Warning: Ps = 0 is less than W.
Note: Starting dynamic gmin stepping
Note: Dynamic gmin stepping completed

No. of Data Rows : 1
v(vout) = 1.244156e+00
i(vdd) = -3.75244e-04
@m.xdut.m1[vds] = 4.959828e-01
@m.xdut.m1[vdsat] = 7.844374e-02
@m.xdut.m2[vds] = 5.212168e-01
@m.xdut.m2[vdsat] = 7.550515e-02
@m.xdut.m3[vds] = 7.188549e-01
@m.xdut.m3[vdsat] = 2.252922e-01
@m.xdut.m4[vds] = 6.938914e-01
@m.xdut.m4[vdsat] = 2.065904e-01
@m.xdut.mh12[vds] = 6.944722e-01
@m.xdut.mh12[vdsat] = 2.232079e-01
@m.xdut.mh21[vds] = 7.196304e-01
@m.xdut.mh21[vdsat] = 2.049725e-01
@m.xdut.m5[vds] = 5.539866e-01
@m.xdut.m5[vdsat] = 2.251800e-01
@m.xdut.m6[vds] = 1.176490e+00
@m.xdut.m6[vdsat] = 2.079706e-01
@m.xdut.m7[vds] = 6.202256e-01
@m.xdut.m7[vdsat] = 1.343744e-01
@m.xdut.m8[vds] = 1.242518e+00
@m.xdut.m8[vdsat] = 1.365621e-01
ngspice-46 done
