
Note: No compatibility mode selected!


Circuit: current-mirror op-amp private fixture

Warning: Model issue on line 2 :
  .model nmos nmos version=3.1 level=49 noimod=1 tnom=2.70e+01 tox=    4.3 ...
unrecognized parameter (xl) - ignored
unrecognized parameter (xw) - ignored

Warning: Model issue on line 41 :
  .model pmos pmos version=3.1 level=49 noimod=1 tnom=2.70e+01 tox=    4.3 ...
unrecognized parameter (xl) - ignored
unrecognized parameter (xw) - ignored

Doing analysis at TEMP = 27.000000 and TNOM = 27.000000

Using SPARSE 1.3 as Direct Linear Solver
Warning: Pd = 0 is less than W.
Warning: Ps = 0 is less than W.
Warning: Pd = 0 is less than W.
Warning: Ps = 0 is less than W.
Warning: Pd = 0 is less than W.
Warning: Ps = 0 is less than W.
Warning: Pd = 0 is less than W.
Warning: Ps = 0 is less than W.
Warning: Pd = 0 is less than W.
Warning: Ps = 0 is less than W.
Note: Starting dynamic gmin stepping
Note: Dynamic gmin stepping completed

No. of Data Rows : 1
v(vout) = 1.245366e+00
i(vdd) = -3.68356e-04
@m.xdut.m1[vds] = 4.591304e-01
@m.xdut.m1[vdsat] = 8.195829e-02
@m.xdut.m2[vds] = 4.801993e-01
@m.xdut.m2[vdsat] = 7.951673e-02
@m.xdut.m3[vds] = 8.414589e-01
@m.xdut.m3[vdsat] = 2.439175e-01
@m.xdut.m4[vds] = 8.205954e-01
@m.xdut.m4[vdsat] = 2.282152e-01
@m.xdut.mh12[vds] = 8.212004e-01
@m.xdut.mh12[vdsat] = 2.414551e-01
@m.xdut.mh21[vds] = 8.422118e-01
@m.xdut.mh21[vdsat] = 2.261539e-01
@m.xdut.m5[vds] = 5.528415e-01
@m.xdut.m5[vdsat] = 2.436055e-01
@m.xdut.m6[vds] = 1.068587e+00
@m.xdut.m6[vdsat] = 2.291476e-01
@m.xdut.m7[vds] = 7.282062e-01
@m.xdut.m7[vdsat] = 1.417094e-01
@m.xdut.m8[vds] = 1.243786e+00
@m.xdut.m8[vdsat] = 1.435780e-01
ngspice-46 done
