
Note: No compatibility mode selected!


Circuit: current-mirror op-amp private fixture

Warning: Model issue on line 2 :
  .model nmos nmos version=3.1 level=49 noimod=1 tnom=2.70e+01 tox=    4.1 ...
unrecognized parameter (xl) - ignored
unrecognized parameter (xw) - ignored

Warning: Model issue on line 41 :
  .model pmos pmos version=3.1 level=49 noimod=1 tnom=2.70e+01 tox=    4.1 ...
unrecognized parameter (xl) - ignored
unrecognized parameter (xw) - ignored

Doing analysis at TEMP = 27.000000 and TNOM = 27.000000

Using SPARSE 1.3 as Direct Linear Solver
Warning: Pd = 0 is less than W.
Warning: Ps = 0 is less than W.
Warning: Pd = 0 is less than W.
Warning: Ps = 0 is less than W.
Warning: Pd = 0 is less than W.
Warning: Ps = 0 is less than W.
Warning: Pd = 0 is less than W.
Warning: Ps = 0 is less than W.
Warning: Pd = 0 is less than W.
Warning: Ps = 0 is less than W.
Warning: Pd = 0 is less than W.
Warning: Ps = 0 is less than W.
Warning: Pd = 0 is less than W.
Warning: Ps = 0 is less than W.

No. of Data Rows : 1
v(vout) = 1.241578e+00
i(vdd) = -3.65163e-04
@m.xdut.mpb[vds] = 6.475058e-01
@m.xdut.mpb[vdsat] = 1.717941e-01
@m.xdut.mpn[vds] = 1.271156e+00
@m.xdut.mpn[vdsat] = 1.735187e-01
@m.xdut.mnb[vds] = 5.287286e-01
@m.xdut.mnb[vdsat] = 7.888898e-02
@m.xdut.mt[vds] = 6.117758e-01
@m.xdut.mt[vdsat] = 7.655458e-02
@m.xdut.m1[vds] = 3.319275e-01
@m.xdut.m1[vdsat] = 6.129438e-02
@m.xdut.m2[vds] = 6.252960e-01
@m.xdut.m2[vdsat] = 5.845263e-02
@m.xdut.m3[vds] = 8.496430e-01
@m.xdut.m3[vdsat] = 3.223397e-01
@m.xdut.m4[vds] = 5.548151e-01
@m.xdut.m4[vdsat] = 3.220682e-01
@m.xdut.mbal[vds] = 1.239817e+00
@m.xdut.mbal[vdsat] = 7.918440e-02
ngspice-46 done
