
Note: No compatibility mode selected!


Circuit: current-mirror op-amp private fixture

Warning: Model issue on line 2 :
  .model nmos nmos version=3.1 level=49 noimod=1 tnom=2.70e+01 tox=    4.3 ...
unrecognized parameter (xl) - ignored
unrecognized parameter (xw) - ignored

Warning: Model issue on line 41 :
  .model pmos pmos version=3.1 level=49 noimod=1 tnom=2.70e+01 tox=    4.3 ...
unrecognized parameter (xl) - ignored
unrecognized parameter (xw) - ignored

Doing analysis at TEMP = 27.000000 and TNOM = 27.000000

Using SPARSE 1.3 as Direct Linear Solver
Warning: Pd = 0 is less than W.
Warning: Ps = 0 is less than W.
Warning: Pd = 0 is less than W.
Warning: Ps = 0 is less than W.
Warning: Pd = 0 is less than W.
Warning: Ps = 0 is less than W.
Warning: Pd = 0 is less than W.
Warning: Ps = 0 is less than W.
Warning: Pd = 0 is less than W.
Warning: Ps = 0 is less than W.

No. of Data Rows : 1
v(vout) = 7.519596e-01
i(vdd) = -3.86481e-04
@m.xdut.m1[vds] = 6.961989e-01
@m.xdut.m1[vdsat] = 6.183346e-02
@m.xdut.m2[vds] = 6.864152e-01
@m.xdut.m2[vdsat] = 6.257627e-02
@m.xdut.m3[vds] = 9.766308e-01
@m.xdut.m3[vdsat] = 3.432504e-01
@m.xdut.m4[vds] = 9.863238e-01
@m.xdut.m4[vdsat] = 3.503984e-01
@m.xdut.m5[vds] = 1.045688e+00
@m.xdut.m5[vdsat] = 3.446799e-01
@m.xdut.m6[vds] = 9.298263e-01
@m.xdut.m6[vdsat] = 3.502628e-01
@m.xdut.m7[vds] = 8.679017e-01
@m.xdut.m7[vdsat] = 2.343856e-01
@m.xdut.m8[vds] = 7.498853e-01
@m.xdut.m8[vdsat] = 2.328035e-01
ngspice-46 done
