
Note: No compatibility mode selected!


Circuit: current-mirror op-amp private fixture

Warning: Model issue on line 2 :
  .model nmos nmos version=3.1 level=49 noimod=1 tnom=2.70e+01 tox=    4.1 ...
unrecognized parameter (xl) - ignored
unrecognized parameter (xw) - ignored

Warning: Model issue on line 41 :
  .model pmos pmos version=3.1 level=49 noimod=1 tnom=2.70e+01 tox=    4.1 ...
unrecognized parameter (xl) - ignored
unrecognized parameter (xw) - ignored

Doing analysis at TEMP = 27.000000 and TNOM = 27.000000

Using SPARSE 1.3 as Direct Linear Solver
Warning: Pd = 0 is less than W.
Warning: Ps = 0 is less than W.
Warning: Pd = 0 is less than W.
Warning: Ps = 0 is less than W.
Warning: Pd = 0 is less than W.
Warning: Ps = 0 is less than W.
Warning: Pd = 0 is less than W.
Warning: Ps = 0 is less than W.
Warning: Pd = 0 is less than W.
Warning: Ps = 0 is less than W.

No. of Data Rows : 1
v(vout) = 7.488468e-01
i(vdd) = -3.86565e-04
@m.xdut.m1[vds] = 9.075028e-01
@m.xdut.m1[vdsat] = 7.375083e-02
@m.xdut.m2[vds] = 9.123848e-01
@m.xdut.m2[vdsat] = 7.320012e-02
@m.xdut.m3[vds] = 7.090199e-01
@m.xdut.m3[vdsat] = 2.179267e-01
@m.xdut.m4[vds] = 7.041903e-01
@m.xdut.m4[vdsat] = 2.143082e-01
@m.xdut.mh12[vds] = 7.048495e-01
@m.xdut.mh12[vdsat] = 2.160275e-01
@m.xdut.mh21[vds] = 7.097168e-01
@m.xdut.mh21[vdsat] = 2.124993e-01
@m.xdut.m5[vds] = 1.049253e+00
@m.xdut.m5[vdsat] = 2.189797e-01
@m.xdut.m6[vds] = 1.170073e+00
@m.xdut.m6[vdsat] = 2.156521e-01
@m.xdut.m7[vds] = 6.263961e-01
@m.xdut.m7[vdsat] = 1.384739e-01
@m.xdut.m8[vds] = 7.471714e-01
@m.xdut.m8[vdsat] = 1.388939e-01
ngspice-46 done
