
Note: No compatibility mode selected!


Circuit: current-mirror op-amp private fixture

Warning: Model issue on line 2 :
  .model nmos nmos version=3.1 level=49 noimod=1 tnom=2.70e+01 tox=    4.1 ...
unrecognized parameter (xl) - ignored
unrecognized parameter (xw) - ignored

Warning: Model issue on line 41 :
  .model pmos pmos version=3.1 level=49 noimod=1 tnom=2.70e+01 tox=    4.1 ...
unrecognized parameter (xl) - ignored
unrecognized parameter (xw) - ignored

Doing analysis at TEMP = 27.000000 and TNOM = 27.000000

Using SPARSE 1.3 as Direct Linear Solver
Warning: Pd = 0 is less than W.
Warning: Ps = 0 is less than W.
Warning: Pd = 0 is less than W.
Warning: Ps = 0 is less than W.
Warning: Pd = 0 is less than W.
Warning: Ps = 0 is less than W.
Warning: Pd = 0 is less than W.
Warning: Ps = 0 is less than W.
Warning: Pd = 0 is less than W.
Warning: Ps = 0 is less than W.
Note: Starting dynamic gmin stepping
Note: Dynamic gmin stepping completed

No. of Data Rows : 1
v(vout) = 9.965115e-01
i(vdd) = -3.81090e-04
@m.xdut.m1[vds] = 7.030396e-01
@m.xdut.m1[vdsat] = 7.613009e-02
@m.xdut.m2[vds] = 7.179890e-01
@m.xdut.m2[vdsat] = 7.441827e-02
@m.xdut.m3[vds] = 7.139241e-01
@m.xdut.m3[vdsat] = 2.216001e-01
@m.xdut.m4[vds] = 6.991351e-01
@m.xdut.m4[vdsat] = 2.105201e-01
@m.xdut.mh12[vds] = 6.997555e-01
@m.xdut.mh12[vdsat] = 2.196088e-01
@m.xdut.mh21[vds] = 7.146599e-01
@m.xdut.mh21[vdsat] = 2.088052e-01
@m.xdut.m5[vds] = 8.016076e-01
@m.xdut.m5[vdsat] = 2.220690e-01
@m.xdut.m6[vds] = 1.173216e+00
@m.xdut.m6[vdsat] = 2.118818e-01
@m.xdut.m7[vds] = 6.233746e-01
@m.xdut.m7[vdsat] = 1.364655e-01
@m.xdut.m8[vds] = 9.948531e-01
@m.xdut.m8[vdsat] = 1.377647e-01
ngspice-46 done
