
Note: No compatibility mode selected!


Circuit: transistor-level tia private fixture

Doing analysis at TEMP = 27.000000 and TNOM = 27.000000

Using SPARSE 1.3 as Direct Linear Solver
Note: Starting dynamic gmin stepping
Warning: Dynamic gmin stepping failed
Note: Starting true gmin stepping
Note: True gmin stepping completed

Initial Transient Solution
--------------------------

Node                                   Voltage
----                                   -------
outp                                    2.7806
outn                                    2.7806
vcc                                        3.3
ifbias                                  2.2814
ifbase                                 3.16994
ibn                                    1.38097
xmode__mcb                                 3.3
mc                                           0
gc                                     1.39991
mgc                                        1.4
agc                                    1.34931
xcmctrl__fixed_gate                    1.76934
xcmctrl__fixed                        0.966554
xcmctrl__nbias                        0.898992
vc1                                    2.91502
vc1b                                   2.76602
xcmctrl__s1p                          0.135544
xcmctrl__s1n                           0.45053
vc2                                    2.93597
vc2b                                   2.73784
xcmctrl__s2p                          0.141603
xcmctrl__s2n                          0.443824
xtiap__ldo_ref_gate                    2.63053
xtiap__ldo_ref                         1.66584
xtiap__in_ref_gate                        1.65
xtiap__in_ref                         0.871756
xtiap__nlbias                         0.872712
xq_xtiap_nlb.s1                    3.33106e-10
xq_xtiap_nlb.t                               0
xtiap__nltail                         0.822946
xq_xtiap_nltail.s1                 3.13202e-10
xq_xtiap_nltail.t                            0
xtiap__nlsense                         2.38008
xtiap__vtia                             1.6586
xq_xtiap_nl1.s1                    9.45181e-10
xq_xtiap_nl1.t                               0
xtiap__ldo_gate                        2.33643
xq_xtiap_nl2.s1                    9.26266e-10
xq_xtiap_nl2.t                               0
tia_p                                    1.649
tia_casbias                             1.6979
xtiap__casnode                        0.933642
inp                                   0.764268
xq_xtiap_amp.s1                     5.6218e-10
xq_xtiap_amp.t                               0
xq_xtiap_cas.s1                    9.91394e-10
xq_xtiap_cas.t                               0
xtiap__fb                             0.769066
xq_xtiap_buf.s1                    6.45221e-10
xq_xtiap_buf.t                               0
xtiap__fbias                          0.878774
xq_xtiap_fbref.s1                  3.33658e-10
xq_xtiap_fbref.t                             0
xq_xtiap_fbsink.s1                  2.8978e-10
xq_xtiap_fbsink.t                            0
xtiap__pbias                           1.98333
xtiap__ptail                           2.09782
xtiap__nvin                            1.32593
xtiap__cancel_gate                    0.646964
oa                                         1.2
xtiap__cancel_d                       0.393968
xtian__ldo_ref_gate                    2.63053
xtian__ldo_ref                         1.66584
xtian__in_ref_gate                        1.65
xtian__in_ref                         0.871756
xtian__nlbias                         0.872712
xq_xtian_nlb.s1                    3.33106e-10
xq_xtian_nlb.t                               0
xtian__nltail                         0.822924
xq_xtian_nltail.s1                 3.13193e-10
xq_xtian_nltail.t                            0
xtian__nlsense                         2.38064
xtian__vtia                            1.65856
xq_xtian_nl1.s1                    9.45412e-10
xq_xtian_nl1.t                               0
xtian__ldo_gate                        2.33594
xq_xtian_nl2.s1                    9.26063e-10
xq_xtian_nl2.t                               0
tia_n                                  1.65189
xtian__casnode                        0.943957
inn                                   0.753951
xq_xtian_amp.s1                    5.68753e-10
xq_xtian_amp.t                               0
xq_xtian_cas.s1                    9.93515e-10
xq_xtian_cas.t                               0
xtian__fb                             0.769264
xq_xtian_buf.s1                     6.4433e-10
xq_xtian_buf.t                               0
xtian__fbias                          0.878771
xq_xtian_fbref.s1                  3.33658e-10
xq_xtian_fbref.t                             0
xq_xtian_fbsink.s1                  2.8986e-10
xq_xtian_fbsink.t                            0
xtian__pbias                           1.98333
xtian__ptail                            2.0933
xtian__nvin                            1.35708
xtian__cancel_gate                    0.616257
xtian__cancel_d                          0.428
xif1p__base                            3.12538
xif1p__emitter                         2.25397
xq_xif1p_ef.s1                     1.63137e-09
xq_xif1p_ef.t                                0
v1p                                    2.25424
xif1n__base                            3.12538
xif1n__emitter                         2.25397
xq_xif1n_ef.s1                     1.63137e-09
xq_xif1n_ef.t                                0
v1n                                    2.25424
xvga1__peak_nl                             3.3
xvga1__nl                              2.50756
xvga1__peak_nr                             3.3
xvga1__nr                              2.50756
xvga1__t34                             1.97711
xvga1__e1                              1.31175
xq_xvga1_1.s1                      7.55022e-10
xq_xvga1_1.t                                 0
xvga1__t56                             1.97711
xvga1__e2                              1.31175
xq_xvga1_2.s1                      7.55022e-10
xq_xvga1_2.t                                 0
xq_xvga1_3.s1                      1.65757e-09
xq_xvga1_3.t                                 0
xq_xvga1_4.s1                      1.31887e-09
xq_xvga1_4.t                                 0
xq_xvga1_5.s1                      1.31887e-09
xq_xvga1_5.t                                 0
xq_xvga1_6.s1                      1.65757e-09
xq_xvga1_6.t                                 0
vga1p                                   1.7181
xq_xvga1_7.s1                      2.64292e-09
xq_xvga1_7.t                                 0
vga1n                                   1.7181
xq_xvga1_8.s1                      2.64292e-09
xq_xvga1_8.t                                 0
xvga1__nbias                           1.38097
xif2p__base                            3.12493
xif2p__emitter                         2.25305
xq_xif2p_ef.s1                      1.6312e-09
xq_xif2p_ef.t                                0
v2p                                    2.25559
xif2n__base                            3.12493
xif2n__emitter                         2.25305
xq_xif2n_ef.s1                      1.6312e-09
xq_xif2n_ef.t                                0
v2n                                    2.25559
xvga2__peak_nl                             3.3
xvga2__nl                              2.47773
xvga2__peak_nr                             3.3
xvga2__nr                              2.47773
xvga2__t34                             1.99449
xvga2__e1                               1.3131
xq_xvga2_1.s1                      7.59014e-10
xq_xvga2_1.t                                 0
xvga2__t56                             1.99449
xvga2__e2                               1.3131
xq_xvga2_2.s1                      7.59014e-10
xq_xvga2_2.t                                 0
xq_xvga2_3.s1                      6.25348e-09
xq_xvga2_3.t                                 0
xq_xvga2_4.s1                      1.32042e-09
xq_xvga2_4.t                                 0
xq_xvga2_5.s1                      1.32042e-09
xq_xvga2_5.t                                 0
xq_xvga2_6.s1                      6.25348e-09
xq_xvga2_6.t                                 0
vga2p                                  1.70171
xq_xvga2_7.s1                      2.64437e-09
xq_xvga2_7.t                                 0
vga2n                                  1.70171
xq_xvga2_8.s1                      2.64437e-09
xq_xvga2_8.t                                 0
xvga2__nbias                           1.38097
xif3p__base                            3.11584
xif3p__emitter                         2.23509
xq_xif3p_ef.s1                     1.62775e-09
xq_xif3p_ef.t                                0
bufinp                                 2.23507
xif3n__base                            3.11584
xif3n__emitter                         2.23509
xq_xif3n_ef.s1                     1.62775e-09
xq_xif3n_ef.t                                0
bufinn                                 2.23507
xbuf__e1                               1.30941
xq_xbuf_1.s1                       2.43065e-09
xq_xbuf_1.t                                  0
xbuf__e2                               1.30941
xq_xbuf_2.s1                       2.43065e-09
xq_xbuf_2.t                                  0
xbuf__nbias                            1.38097
finalp                                  2.7806
finaln                                  2.7806
pkdtap_p                                2.7806
pkdinp                                   2.092
pkdtap_n                                2.7806
pkdinn                                   2.092
detn                                   2.73788
detp                                   2.73788
pkdvcc                                 2.01797
xpkd__e8                                  1.19
xq_xpkd_8.s1                       7.81324e-10
xq_xpkd_8.t                                  0
xpkd__e7                                  1.19
xq_xpkd_7.s1                       7.81324e-10
xq_xpkd_7.t                                  0
xpkd__c1                               1.25829
xpkd__e1                              0.324838
xq_xpkd_1.s1                       4.89529e-10
xq_xpkd_1.t                                  0
xpkd__c2                               1.25829
xpkd__e2                              0.324838
xq_xpkd_2.s1                       4.89529e-10
xq_xpkd_2.t                                  0
xpkd__tail                            0.184366
xq_xpkd_3.s1                       1.08867e-09
xq_xpkd_3.t                                  0
xq_xpkd_4.s1                       1.08867e-09
xq_xpkd_4.t                                  0
xq_xpkd_5.s1                       1.08867e-09
xq_xpkd_5.t                                  0
xq_xpkd_6.s1                       1.08867e-09
xq_xpkd_6.t                                  0
xpkd__nbias                            1.38097
xagc__pkd_ref_gate                     1.41631
xagc__pkd_ref                         0.689918
xagc__agc_ref_gate                     1.85497
xagc__agc_ref                          1.07691
xagc__lp_p                             2.73668
xagc__lp_n                             2.73668
xagc__sfbias                          0.855391
xq_xagc_sfref.s1                   3.30968e-10
xq_xagc_sfref.t                              0
xagc__sf_p                             1.86768
xq_xagc_sfpsink.s1                 1.26095e-09
xq_xagc_sfpsink.t                            0
xagc__sf_n                             1.86768
xq_xagc_sfnsink.s1                 1.26095e-09
xq_xagc_sfnsink.t                            0
xq_xagc_sfp.s1                     1.63224e-09
xq_xagc_sfp.t                                0
xq_xagc_sfn.s1                     1.63224e-09
xq_xagc_sfn.t                                0
xagc__op4p                             1.78916
xagc__op4n                             1.78925
pkd                                   0.691133
xagc_xop4__nbias                      0.958444
xagc_xop4__etail                      0.821366
xagc_xop4__nleft                       2.20068
xagc_xop4__nfirst                      2.20783
xagc_xop5__nbias                      0.958444
xagc_xop5__etail                     0.0340109
xagc_xop5__nleft                       2.45514
xagc_xop5__nfirst                    0.0388333
xagc__op5_raw                          3.24977
l_xvga2_cr#branch                   0.00205569
l_xvga2_cl#branch                   0.00205569
l_xvga1_cr#branch                    0.0019811
l_xvga1_cl#branch                    0.0019811
v_tb_pkdn#branch                   3.98903e-07
v_tb_pkdp#branch                   3.98903e-07
v_tb_oa#branch                    -4.80001e-12
v_tb_mgc#branch                   -1.39992e-06
v_tb_mc#branch                               0
v_tb_vcc#branch                     -0.0650696


No. of Data Rows : 1008
ngspice-46 done
