
Note: No compatibility mode selected!


Circuit: current-mirror op-amp private fixture

Warning: Model issue on line 2 :
  .model nmos nmos version=3.1 level=49 noimod=1 tnom=2.70e+01 tox=    4.1 ...
unrecognized parameter (xl) - ignored
unrecognized parameter (xw) - ignored

Warning: Model issue on line 41 :
  .model pmos pmos version=3.1 level=49 noimod=1 tnom=2.70e+01 tox=    4.1 ...
unrecognized parameter (xl) - ignored
unrecognized parameter (xw) - ignored

Doing analysis at TEMP = 27.000000 and TNOM = 27.000000

Using SPARSE 1.3 as Direct Linear Solver
Warning: Pd = 0 is less than W.
Warning: Ps = 0 is less than W.
Warning: Pd = 0 is less than W.
Warning: Ps = 0 is less than W.
Warning: Pd = 0 is less than W.
Warning: Ps = 0 is less than W.
Warning: Pd = 0 is less than W.
Warning: Ps = 0 is less than W.
Warning: Pd = 0 is less than W.
Warning: Ps = 0 is less than W.
Warning: Pd = 0 is less than W.
Warning: Ps = 0 is less than W.

No. of Data Rows : 1
v(vout) = 1.002195e+00
i(vdd) = -3.20000e-04
@m.xdut.m1[vds] = 7.504177e-01
@m.xdut.m1[vdsat] = 8.105542e-02
@m.xdut.m2[vds] = 6.261553e-01
@m.xdut.m2[vdsat] = 8.172304e-02
@m.xdut.m3[vds] = 6.733965e-01
@m.xdut.m3[vdsat] = 1.921575e-01
@m.xdut.m4[vds] = 7.945072e-01
@m.xdut.m4[vdsat] = 1.919416e-01
@m.xdut.mdum1[vds] = -1.38420e-11
@m.xdut.mdum1[vdsat] = 4.641336e-02
@m.xdut.mdum2[vds] = 0.000000e+00
@m.xdut.mdum2[vdsat] = 1.214111e-01
ngspice-46 done
