
Note: No compatibility mode selected!


Circuit: current-mirror op-amp private fixture

Warning: Model issue on line 2 :
  .model nmos nmos version=3.1 level=49 noimod=1 tnom=2.70e+01 tox=    3.9 ...
unrecognized parameter (xl) - ignored
unrecognized parameter (xw) - ignored

Warning: Model issue on line 41 :
  .model pmos pmos version=3.1 level=49 noimod=1 tnom=2.70e+01 tox=    3.9 ...
unrecognized parameter (xl) - ignored
unrecognized parameter (xw) - ignored

Doing analysis at TEMP = 27.000000 and TNOM = 27.000000

Using SPARSE 1.3 as Direct Linear Solver
Warning: Pd = 0 is less than W.
Warning: Ps = 0 is less than W.
Warning: Pd = 0 is less than W.
Warning: Ps = 0 is less than W.
Warning: Pd = 0 is less than W.
Warning: Ps = 0 is less than W.
Warning: Pd = 0 is less than W.
Warning: Ps = 0 is less than W.
Warning: Pd = 0 is less than W.
Warning: Ps = 0 is less than W.

No. of Data Rows : 1
v(vout) = 7.477414e-01
i(vdd) = -3.97536e-04
@m.xdut.m1[vds] = 9.438456e-01
@m.xdut.m1[vdsat] = 7.130291e-02
@m.xdut.m2[vds] = 9.528978e-01
@m.xdut.m2[vdsat] = 7.026593e-02
@m.xdut.m3[vds] = 5.893367e-01
@m.xdut.m3[vdsat] = 2.016399e-01
@m.xdut.m4[vds] = 5.803911e-01
@m.xdut.m4[vdsat] = 1.949816e-01
@m.xdut.mh12[vds] = 5.810301e-01
@m.xdut.mh12[vdsat] = 2.000637e-01
@m.xdut.mh21[vds] = 5.900524e-01
@m.xdut.mh21[vdsat] = 1.935663e-01
@m.xdut.m5[vds] = 1.050262e+00
@m.xdut.m5[vdsat] = 2.028702e-01
@m.xdut.m6[vds] = 1.275348e+00
@m.xdut.m6[vdsat] = 1.967487e-01
@m.xdut.m7[vds] = 5.209842e-01
@m.xdut.m7[vdsat] = 1.330718e-01
@m.xdut.m8[vds] = 7.459811e-01
@m.xdut.m8[vdsat] = 1.338274e-01
ngspice-46 done
