
Note: No compatibility mode selected!


Circuit: current-mirror op-amp private fixture

Warning: Model issue on line 2 :
  .model nmos nmos version=3.1 level=49 noimod=1 tnom=2.70e+01 tox=    3.9 ...
unrecognized parameter (xl) - ignored
unrecognized parameter (xw) - ignored

Warning: Model issue on line 41 :
  .model pmos pmos version=3.1 level=49 noimod=1 tnom=2.70e+01 tox=    3.9 ...
unrecognized parameter (xl) - ignored
unrecognized parameter (xw) - ignored

Doing analysis at TEMP = 27.000000 and TNOM = 27.000000

Using SPARSE 1.3 as Direct Linear Solver
Warning: Pd = 0 is less than W.
Warning: Ps = 0 is less than W.
Warning: Pd = 0 is less than W.
Warning: Ps = 0 is less than W.
Warning: Pd = 0 is less than W.
Warning: Ps = 0 is less than W.
Warning: Pd = 0 is less than W.
Warning: Ps = 0 is less than W.
Warning: Pd = 0 is less than W.
Warning: Ps = 0 is less than W.

No. of Data Rows : 1
v(vout) = 1.244166e+00
i(vdd) = -3.93195e-04
@m.xdut.m1[vds] = 3.824412e-01
@m.xdut.m1[vdsat] = 6.220517e-02
@m.xdut.m2[vds] = 4.086047e-01
@m.xdut.m2[vdsat] = 6.013110e-02
@m.xdut.m3[vds] = 7.214589e-01
@m.xdut.m3[vdsat] = 2.981031e-01
@m.xdut.m4[vds] = 6.955893e-01
@m.xdut.m4[vdsat] = 2.792033e-01
@m.xdut.m5[vds] = 5.533751e-01
@m.xdut.m5[vdsat] = 2.986366e-01
@m.xdut.m6[vds] = 1.166949e+00
@m.xdut.m6[vdsat] = 2.803151e-01
@m.xdut.m7[vds] = 6.307855e-01
@m.xdut.m7[vdsat] = 2.047825e-01
@m.xdut.m8[vds] = 1.241997e+00
@m.xdut.m8[vdsat] = 2.055111e-01
ngspice-46 done
