
Note: No compatibility mode selected!


Circuit: current-mirror op-amp private fixture

Warning: Model issue on line 2 :
  .model nmos nmos version=3.1 level=49 noimod=1 tnom=2.70e+01 tox=    3.9 ...
unrecognized parameter (xl) - ignored
unrecognized parameter (xw) - ignored

Warning: Model issue on line 41 :
  .model pmos pmos version=3.1 level=49 noimod=1 tnom=2.70e+01 tox=    3.9 ...
unrecognized parameter (xl) - ignored
unrecognized parameter (xw) - ignored

Doing analysis at TEMP = 27.000000 and TNOM = 27.000000

Using SPARSE 1.3 as Direct Linear Solver
Warning: Pd = 0 is less than W.
Warning: Ps = 0 is less than W.
Warning: Pd = 0 is less than W.
Warning: Ps = 0 is less than W.
Warning: Pd = 0 is less than W.
Warning: Ps = 0 is less than W.
Warning: Pd = 0 is less than W.
Warning: Ps = 0 is less than W.
Warning: Pd = 0 is less than W.
Warning: Ps = 0 is less than W.

No. of Data Rows : 1
v(vout) = 7.485296e-01
i(vdd) = -4.04080e-04
@m.xdut.m1[vds] = 8.738251e-01
@m.xdut.m1[vdsat] = 5.842336e-02
@m.xdut.m2[vds] = 8.789944e-01
@m.xdut.m2[vdsat] = 5.792818e-02
@m.xdut.m3[vds] = 6.232425e-01
@m.xdut.m3[vdsat] = 2.249590e-01
@m.xdut.m4[vds] = 6.184698e-01
@m.xdut.m4[vdsat] = 2.214686e-01
@m.xdut.m5[vds] = 1.038050e+00
@m.xdut.m5[vdsat] = 2.253460e-01
@m.xdut.m6[vds] = 1.214037e+00
@m.xdut.m6[vdsat] = 2.218788e-01
@m.xdut.m7[vds] = 5.726563e-01
@m.xdut.m7[vdsat] = 1.674726e-01
@m.xdut.m8[vds] = 7.462656e-01
@m.xdut.m8[vdsat] = 1.669335e-01
ngspice-46 done
