
Note: No compatibility mode selected!


Circuit: current-mirror op-amp private fixture

Warning: Model issue on line 2 :
  .model nmos nmos version=3.1 level=49 noimod=1 tnom=2.70e+01 tox=    4.1 ...
unrecognized parameter (xl) - ignored
unrecognized parameter (xw) - ignored

Warning: Model issue on line 41 :
  .model pmos pmos version=3.1 level=49 noimod=1 tnom=2.70e+01 tox=    4.1 ...
unrecognized parameter (xl) - ignored
unrecognized parameter (xw) - ignored

Doing analysis at TEMP = 27.000000 and TNOM = 27.000000

Using SPARSE 1.3 as Direct Linear Solver
Warning: Pd = 0 is less than W.
Warning: Ps = 0 is less than W.
Warning: Pd = 0 is less than W.
Warning: Ps = 0 is less than W.
Warning: Pd = 0 is less than W.
Warning: Ps = 0 is less than W.
Warning: Pd = 0 is less than W.
Warning: Ps = 0 is less than W.
Warning: Pd = 0 is less than W.
Warning: Ps = 0 is less than W.

No. of Data Rows : 1
v(vout) = 1.243983e+00
i(vdd) = -3.83351e-04
@m.xdut.m1[vds] = 4.429291e-01
@m.xdut.m1[vdsat] = 6.166195e-02
@m.xdut.m2[vds] = 4.206493e-01
@m.xdut.m2[vdsat] = 6.391136e-02
@m.xdut.m3[vds] = 7.455973e-01
@m.xdut.m3[vdsat] = 2.451966e-01
@m.xdut.m4[vds] = 7.675862e-01
@m.xdut.m4[vdsat] = 2.615777e-01
@m.xdut.m5[vds] = 1.133696e+00
@m.xdut.m5[vdsat] = 2.461240e-01
@m.xdut.m6[vds] = 5.536232e-01
@m.xdut.m6[vdsat] = 2.614425e-01
@m.xdut.m7[vds] = 6.641122e-01
@m.xdut.m7[vdsat] = 1.640362e-01
@m.xdut.m8[vds] = 1.241873e+00
@m.xdut.m8[vdsat] = 1.648076e-01
ngspice-46 done
