
Note: No compatibility mode selected!


Circuit: current-mirror op-amp private fixture

Warning: Model issue on line 2 :
  .model nmos nmos version=3.1 level=49 noimod=1 tnom=2.70e+01 tox=    3.9 ...
unrecognized parameter (xl) - ignored
unrecognized parameter (xw) - ignored

Warning: Model issue on line 41 :
  .model pmos pmos version=3.1 level=49 noimod=1 tnom=2.70e+01 tox=    3.9 ...
unrecognized parameter (xl) - ignored
unrecognized parameter (xw) - ignored

Doing analysis at TEMP = 27.000000 and TNOM = 27.000000

Using SPARSE 1.3 as Direct Linear Solver
Warning: Pd = 0 is less than W.
Warning: Ps = 0 is less than W.
Warning: Pd = 0 is less than W.
Warning: Ps = 0 is less than W.
Warning: Pd = 0 is less than W.
Warning: Ps = 0 is less than W.
Warning: Pd = 0 is less than W.
Warning: Ps = 0 is less than W.
Warning: Pd = 0 is less than W.
Warning: Ps = 0 is less than W.
Warning: Pd = 0 is less than W.
Warning: Ps = 0 is less than W.
Warning: Pd = 0 is less than W.
Warning: Ps = 0 is less than W.
Note: Starting dynamic gmin stepping
Note: Dynamic gmin stepping completed

No. of Data Rows : 1
v(vout) = 9.972961e-01
i(vdd) = -3.87790e-04
@m.xdut.mpb[vds] = 5.302872e-01
@m.xdut.mpb[vdsat] = 1.582092e-01
@m.xdut.mpn[vds] = 1.371504e+00
@m.xdut.mpn[vdsat] = 1.605038e-01
@m.xdut.mnb[vds] = 4.283729e-01
@m.xdut.mnb[vdsat] = 7.733697e-02
@m.xdut.mt[vds] = 4.919879e-01
@m.xdut.mt[vdsat] = 7.506321e-02
@m.xdut.m1[vds] = 5.817084e-01
@m.xdut.m1[vdsat] = 5.835866e-02
@m.xdut.m2[vds] = 5.004094e-01
@m.xdut.m2[vdsat] = 5.748673e-02
@m.xdut.m3[vds] = 7.193546e-01
@m.xdut.m3[vdsat] = 2.977411e-01
@m.xdut.m4[vds] = 7.987963e-01
@m.xdut.m4[vdsat] = 2.981364e-01
@m.xdut.mbal[vds] = 9.954463e-01
@m.xdut.mbal[vdsat] = 7.726436e-02
ngspice-46 done
