
Note: No compatibility mode selected!


Circuit: current-mirror op-amp private fixture

Warning: Model issue on line 2 :
  .model nmos nmos version=3.1 level=49 noimod=1 tnom=2.70e+01 tox=    4.3 ...
unrecognized parameter (xl) - ignored
unrecognized parameter (xw) - ignored

Warning: Model issue on line 41 :
  .model pmos pmos version=3.1 level=49 noimod=1 tnom=2.70e+01 tox=    4.3 ...
unrecognized parameter (xl) - ignored
unrecognized parameter (xw) - ignored

Doing analysis at TEMP = 27.000000 and TNOM = 27.000000

Using SPARSE 1.3 as Direct Linear Solver
Warning: Pd = 0 is less than W.
Warning: Ps = 0 is less than W.
Warning: Pd = 0 is less than W.
Warning: Ps = 0 is less than W.
Warning: Pd = 0 is less than W.
Warning: Ps = 0 is less than W.
Warning: Pd = 0 is less than W.
Warning: Ps = 0 is less than W.
Warning: Pd = 0 is less than W.
Warning: Ps = 0 is less than W.

No. of Data Rows : 1
v(vout) = 1.247140e+00
i(vdd) = -3.80079e-04
@m.xdut.m1[vds] = 2.849234e-01
@m.xdut.m1[vdsat] = 6.637476e-02
@m.xdut.m2[vds] = 2.994034e-01
@m.xdut.m2[vdsat] = 6.521772e-02
@m.xdut.m3[vds] = 9.886261e-01
@m.xdut.m3[vdsat] = 3.520960e-01
@m.xdut.m4[vds] = 9.742803e-01
@m.xdut.m4[vdsat] = 3.415167e-01
@m.xdut.m5[vds] = 5.505491e-01
@m.xdut.m5[vdsat] = 3.523901e-01
@m.xdut.m6[vds] = 9.378601e-01
@m.xdut.m6[vdsat] = 3.414291e-01
@m.xdut.m7[vds] = 8.599743e-01
@m.xdut.m7[vdsat] = 2.294156e-01
@m.xdut.m8[vds] = 1.245103e+00
@m.xdut.m8[vdsat] = 2.294217e-01
ngspice-46 done
