
Note: No compatibility mode selected!


Circuit: current-mirror op-amp private fixture

Warning: Model issue on line 2 :
  .model nmos nmos version=3.1 level=49 noimod=1 tnom=2.70e+01 tox=    4.1 ...
unrecognized parameter (xl) - ignored
unrecognized parameter (xw) - ignored

Warning: Model issue on line 41 :
  .model pmos pmos version=3.1 level=49 noimod=1 tnom=2.70e+01 tox=    4.1 ...
unrecognized parameter (xl) - ignored
unrecognized parameter (xw) - ignored

Doing analysis at TEMP = 27.000000 and TNOM = 27.000000

Using SPARSE 1.3 as Direct Linear Solver
Warning: Pd = 0 is less than W.
Warning: Ps = 0 is less than W.
Warning: Pd = 0 is less than W.
Warning: Ps = 0 is less than W.
Warning: Pd = 0 is less than W.
Warning: Ps = 0 is less than W.
Warning: Pd = 0 is less than W.
Warning: Ps = 0 is less than W.
Warning: Pd = 0 is less than W.
Warning: Ps = 0 is less than W.
Note: Starting dynamic gmin stepping
Note: Dynamic gmin stepping completed

No. of Data Rows : 1
v(vout) = 7.497861e-01
i(vdd) = -3.91823e-04
@m.xdut.m1[vds] = 8.331406e-01
@m.xdut.m1[vdsat] = 5.967144e-02
@m.xdut.m2[vds] = 8.323657e-01
@m.xdut.m2[vdsat] = 5.974721e-02
@m.xdut.m3[vds] = 7.563599e-01
@m.xdut.m3[vdsat] = 2.532204e-01
@m.xdut.m4[vds] = 7.571246e-01
@m.xdut.m4[vdsat] = 2.537900e-01
@m.xdut.m5[vds] = 1.126917e+00
@m.xdut.m5[vdsat] = 2.541029e-01
@m.xdut.m6[vds] = 1.047765e+00
@m.xdut.m6[vdsat] = 2.547958e-01
@m.xdut.m7[vds] = 6.707513e-01
@m.xdut.m7[vdsat] = 1.684368e-01
@m.xdut.m8[vds] = 7.476266e-01
@m.xdut.m8[vdsat] = 1.675741e-01
ngspice-46 done
