
Note: No compatibility mode selected!


Circuit: current-mirror op-amp private fixture

Warning: Model issue on line 2 :
  .model nmos nmos version=3.1 level=49 noimod=1 tnom=2.70e+01 tox=    4.3 ...
unrecognized parameter (xl) - ignored
unrecognized parameter (xw) - ignored

Warning: Model issue on line 41 :
  .model pmos pmos version=3.1 level=49 noimod=1 tnom=2.70e+01 tox=    4.3 ...
unrecognized parameter (xl) - ignored
unrecognized parameter (xw) - ignored

Doing analysis at TEMP = 27.000000 and TNOM = 27.000000

Using SPARSE 1.3 as Direct Linear Solver
Warning: Pd = 0 is less than W.
Warning: Ps = 0 is less than W.
Warning: Pd = 0 is less than W.
Warning: Ps = 0 is less than W.
Warning: Pd = 0 is less than W.
Warning: Ps = 0 is less than W.
Warning: Pd = 0 is less than W.
Warning: Ps = 0 is less than W.
Warning: Pd = 0 is less than W.
Warning: Ps = 0 is less than W.
Note: Starting dynamic gmin stepping
Note: Dynamic gmin stepping completed

No. of Data Rows : 1
v(vout) = 1.245937e+00
i(vdd) = -3.80086e-04
@m.xdut.m1[vds] = 3.812484e-01
@m.xdut.m1[vdsat] = 6.621086e-02
@m.xdut.m2[vds] = 3.975947e-01
@m.xdut.m2[vdsat] = 6.458330e-02
@m.xdut.m3[vds] = 8.815608e-01
@m.xdut.m3[vdsat] = 2.720981e-01
@m.xdut.m4[vds] = 8.662650e-01
@m.xdut.m4[vdsat] = 2.607884e-01
@m.xdut.m5[vds] = 5.418551e-01
@m.xdut.m5[vdsat] = 2.721302e-01
@m.xdut.m6[vds] = 1.002216e+00
@m.xdut.m6[vdsat] = 2.609459e-01
@m.xdut.m7[vds] = 7.858935e-01
@m.xdut.m7[vdsat] = 1.810587e-01
@m.xdut.m8[vds] = 1.243878e+00
@m.xdut.m8[vdsat] = 1.813920e-01
ngspice-46 done
