
Note: No compatibility mode selected!


Circuit: current-mirror op-amp private fixture

Warning: Model issue on line 2 :
  .model nmos nmos version=3.1 level=49 noimod=1 tnom=2.70e+01 tox=    3.9 ...
unrecognized parameter (xl) - ignored
unrecognized parameter (xw) - ignored

Warning: Model issue on line 41 :
  .model pmos pmos version=3.1 level=49 noimod=1 tnom=2.70e+01 tox=    3.9 ...
unrecognized parameter (xl) - ignored
unrecognized parameter (xw) - ignored

Doing analysis at TEMP = 27.000000 and TNOM = 27.000000

Using SPARSE 1.3 as Direct Linear Solver
Warning: Pd = 0 is less than W.
Warning: Ps = 0 is less than W.
Warning: Pd = 0 is less than W.
Warning: Ps = 0 is less than W.
Warning: Pd = 0 is less than W.
Warning: Ps = 0 is less than W.
Warning: Pd = 0 is less than W.
Warning: Ps = 0 is less than W.
Warning: Pd = 0 is less than W.
Warning: Ps = 0 is less than W.

No. of Data Rows : 1
v(vout) = 9.956402e-01
i(vdd) = -3.99533e-04
@m.xdut.m1[vds] = 6.683058e-01
@m.xdut.m1[vdsat] = 6.032542e-02
@m.xdut.m2[vds] = 6.838289e-01
@m.xdut.m2[vdsat] = 5.882267e-02
@m.xdut.m3[vds] = 6.279574e-01
@m.xdut.m3[vdsat] = 2.284049e-01
@m.xdut.m4[vds] = 6.136252e-01
@m.xdut.m4[vdsat] = 2.179236e-01
@m.xdut.m5[vds] = 7.910996e-01
@m.xdut.m5[vdsat] = 2.286461e-01
@m.xdut.m6[vds] = 1.217788e+00
@m.xdut.m6[vdsat] = 2.183626e-01
@m.xdut.m7[vds] = 5.693118e-01
@m.xdut.m7[vdsat] = 1.652894e-01
@m.xdut.m8[vds] = 9.934032e-01
@m.xdut.m8[vdsat] = 1.655313e-01
ngspice-46 done
