
Note: No compatibility mode selected!


Circuit: current-mirror op-amp private fixture

Warning: Model issue on line 2 :
  .model nmos nmos version=3.1 level=49 noimod=1 tnom=2.70e+01 tox=    4.3 ...
unrecognized parameter (xl) - ignored
unrecognized parameter (xw) - ignored

Warning: Model issue on line 41 :
  .model pmos pmos version=3.1 level=49 noimod=1 tnom=2.70e+01 tox=    4.3 ...
unrecognized parameter (xl) - ignored
unrecognized parameter (xw) - ignored

Doing analysis at TEMP = 27.000000 and TNOM = 27.000000

Using SPARSE 1.3 as Direct Linear Solver
Warning: Pd = 0 is less than W.
Warning: Ps = 0 is less than W.
Warning: Pd = 0 is less than W.
Warning: Ps = 0 is less than W.
Warning: Pd = 0 is less than W.
Warning: Ps = 0 is less than W.
Warning: Pd = 0 is less than W.
Warning: Ps = 0 is less than W.
Warning: Pd = 0 is less than W.
Warning: Ps = 0 is less than W.
Note: Starting dynamic gmin stepping
Note: Dynamic gmin stepping completed

No. of Data Rows : 1
v(vout) = 9.985805e-01
i(vdd) = -3.83652e-04
@m.xdut.m1[vds] = 5.874604e-01
@m.xdut.m1[vdsat] = 6.397758e-02
@m.xdut.m2[vds] = 5.931282e-01
@m.xdut.m2[vdsat] = 6.342580e-02
@m.xdut.m3[vds] = 8.766237e-01
@m.xdut.m3[vdsat] = 2.684503e-01
@m.xdut.m4[vds] = 8.713201e-01
@m.xdut.m4[vdsat] = 2.645289e-01
@m.xdut.m5[vds] = 7.890932e-01
@m.xdut.m5[vdsat] = 2.687124e-01
@m.xdut.m6[vds] = 9.985862e-01
@m.xdut.m6[vdsat] = 2.646731e-01
@m.xdut.m7[vds] = 7.891909e-01
@m.xdut.m7[vdsat] = 1.832509e-01
@m.xdut.m8[vds] = 9.965011e-01
@m.xdut.m8[vdsat] = 1.827488e-01
ngspice-46 done
