
Note: No compatibility mode selected!


Circuit: current-mirror op-amp private fixture

Warning: Model issue on line 2 :
  .model nmos nmos version=3.1 level=49 noimod=1 tnom=2.70e+01 tox=    4.3 ...
unrecognized parameter (xl) - ignored
unrecognized parameter (xw) - ignored

Warning: Model issue on line 41 :
  .model pmos pmos version=3.1 level=49 noimod=1 tnom=2.70e+01 tox=    4.3 ...
unrecognized parameter (xl) - ignored
unrecognized parameter (xw) - ignored

Doing analysis at TEMP = 27.000000 and TNOM = 27.000000

Using SPARSE 1.3 as Direct Linear Solver
Warning: Pd = 0 is less than W.
Warning: Ps = 0 is less than W.
Warning: Pd = 0 is less than W.
Warning: Ps = 0 is less than W.
Warning: Pd = 0 is less than W.
Warning: Ps = 0 is less than W.
Warning: Pd = 0 is less than W.
Warning: Ps = 0 is less than W.
Warning: Pd = 0 is less than W.
Warning: Ps = 0 is less than W.

No. of Data Rows : 1
v(vout) = 7.512186e-01
i(vdd) = -3.86847e-04
@m.xdut.m1[vds] = 7.908934e-01
@m.xdut.m1[vdsat] = 6.166556e-02
@m.xdut.m2[vds] = 7.860970e-01
@m.xdut.m2[vdsat] = 6.212387e-02
@m.xdut.m3[vds] = 8.717301e-01
@m.xdut.m3[vdsat] = 2.648322e-01
@m.xdut.m4[vds] = 8.762182e-01
@m.xdut.m4[vdsat] = 2.681506e-01
@m.xdut.m5[vds] = 1.036363e+00
@m.xdut.m5[vdsat] = 2.653524e-01
@m.xdut.m6[vds] = 9.950697e-01
@m.xdut.m6[vdsat] = 2.682823e-01
@m.xdut.m7[vds] = 7.923817e-01
@m.xdut.m7[vdsat] = 1.853675e-01
@m.xdut.m8[vds] = 7.491237e-01
@m.xdut.m8[vdsat] = 1.840450e-01
ngspice-46 done
