
Note: No compatibility mode selected!


Circuit: current-mirror op-amp private fixture

Warning: Model issue on line 2 :
  .model nmos nmos version=3.1 level=49 noimod=1 tnom=2.70e+01 tox=    3.9 ...
unrecognized parameter (xl) - ignored
unrecognized parameter (xw) - ignored

Warning: Model issue on line 41 :
  .model pmos pmos version=3.1 level=49 noimod=1 tnom=2.70e+01 tox=    3.9 ...
unrecognized parameter (xl) - ignored
unrecognized parameter (xw) - ignored

Doing analysis at TEMP = 27.000000 and TNOM = 27.000000

Using SPARSE 1.3 as Direct Linear Solver
Warning: Pd = 0 is less than W.
Warning: Ps = 0 is less than W.
Warning: Pd = 0 is less than W.
Warning: Ps = 0 is less than W.
Warning: Pd = 0 is less than W.
Warning: Ps = 0 is less than W.
Warning: Pd = 0 is less than W.
Warning: Ps = 0 is less than W.
Warning: Pd = 0 is less than W.
Warning: Ps = 0 is less than W.

No. of Data Rows : 1
v(vout) = 7.483149e-01
i(vdd) = -4.02094e-04
@m.xdut.m1[vds] = 8.793597e-01
@m.xdut.m1[vdsat] = 5.775693e-02
@m.xdut.m2[vds] = 8.736416e-01
@m.xdut.m2[vdsat] = 5.832182e-02
@m.xdut.m3[vds] = 6.276945e-01
@m.xdut.m3[vdsat] = 2.300926e-01
@m.xdut.m4[vds] = 6.333305e-01
@m.xdut.m4[vdsat] = 2.342749e-01
@m.xdut.m5[vds] = 1.234376e+00
@m.xdut.m5[vdsat] = 2.315222e-01
@m.xdut.m6[vds] = 1.049122e+00
@m.xdut.m6[vdsat] = 2.354419e-01
@m.xdut.m7[vds] = 5.632085e-01
@m.xdut.m7[vdsat] = 1.612544e-01
@m.xdut.m8[vds] = 7.460554e-01
@m.xdut.m8[vdsat] = 1.607598e-01
ngspice-46 done
